<html>
<body>
<pre>
<h1>µVision Build Log</h1>
<h2>Tool Versions:</h2>
IDE-Version: µVision V5.37.0.0
Copyright (C) 2022 ARM Ltd and ARM Germany GmbH. All rights reserved.
License Information: Juan David Barrero, GSS, LIC=----
 
Tool Versions:
Toolchain:       MDK-Lite  Version: 5.37.0.0
Toolchain Path:  C:\Keil_v5\ARM\ARMCLANG\Bin
C Compiler:      ArmClang.exe V6.18
Assembler:       Armasm.exe V6.18
Linker/Locator:  ArmLink.exe V6.18
Library Manager: ArmAr.exe V6.18
Hex Converter:   FromElf.exe V6.18
CPU DLL:         SARMCM3.DLL V5.37.0.0
Dialog DLL:      DCM.DLL V1.17.5.0
Target DLL:      lmidk-agdi.dll V???
Dialog DLL:      TCM.DLL V1.56.1.0
 
<h2>Project:</h2>
C:\Users\JuanD\OneDrive\Escritorio\JuanDavid\Keil\ButtonLed\ButtonLed.uvprojx
Project File Date:  12/11/2022

<h2>Output:</h2>
*** Using Compiler 'V6.18', folder: 'C:\Keil_v5\ARM\ARMCLANG\Bin'
Build target 'tm4c123'
main.c(1): warning: // comments are not allowed in this language [-Wcomment]
#include "TM4C123.h"                    // Device header
                                        ^
main.c(1): warning: In file included from...
C:/Users/JuanD/AppData/Local/Arm/Packs/Keil/TM4C_DFP/1.1.0/Device/Include/TM4C123\TM4C123.h(22): warning: In file included from...
C:/Users/JuanD/AppData/Local/Arm/Packs/Keil/TM4C_DFP/1.1.0/Device/Include/TM4C123/TM4C1230H6PM.h(286): warning: anonymous unions are a C11 extension [-Wc11-extensions]
  union {
  ^
C:/Users/JuanD/AppData/Local/Arm/Packs/Keil/TM4C_DFP/1.1.0/Device/Include/TM4C123/TM4C1230H6PM.h(326): warning: anonymous unions are a C11 extension [-Wc11-extensions]
  union {
  ^
C:/Users/JuanD/AppData/Local/Arm/Packs/Keil/TM4C_DFP/1.1.0/Device/Include/TM4C123/TM4C1230H6PM.h(345): warning: anonymous unions are a C11 extension [-Wc11-extensions]
  union {
  ^
C:/Users/JuanD/AppData/Local/Arm/Packs/Keil/TM4C_DFP/1.1.0/Device/Include/TM4C123/TM4C1230H6PM.h(572): warning: anonymous unions are a C11 extension [-Wc11-extensions]
  union {
  ^
C:/Users/JuanD/AppData/Local/Arm/Packs/Keil/TM4C_DFP/1.1.0/Device/Include/TM4C123/TM4C1230H6PM.h(588): warning: anonymous unions are a C11 extension [-Wc11-extensions]
  union {
  ^
C:/Users/JuanD/AppData/Local/Arm/Packs/Keil/TM4C_DFP/1.1.0/Device/Include/TM4C123/TM4C1230H6PM.h(694): warning: anonymous unions are a C11 extension [-Wc11-extensions]
  union {
  ^
main.c(16): warning: implicit conversion changes signedness: 'int' to 'unsigned int' [-Wsign-conversion]
   GPIOF->DIR |= BIT1 |~(BIT4);          //set PF1 as an output and PF4 as an input pin
              ~~ ~~~~~^~~~~~~~
main.c(23): warning: implicit conversion changes signedness: 'int' to 'unsigned int' [-Wsign-conversion]
                                GPIOF->DATA &= ~(BIT1);
                                            ~~ ^~~~~~~
main.c(29): warning: no newline at end of file [-Wnewline-eof]
}
 ^
10 warnings generated.
compiling main.c...
linking...
Program Size: Code=988 RO-data=636 RW-data=0 ZI-data=608  
".\Objects\ButtonLed.axf" - 0 Error(s), 10 Warning(s).

<h2>Software Packages used:</h2>

Package Vendor: ARM
                http://www.keil.com/pack/ARM.CMSIS.5.9.0.pack
                ARM.CMSIS.5.9.0
                CMSIS (Common Microcontroller Software Interface Standard)
   * Component: CORE Version: 5.6.0

Package Vendor: Keil
                http://www.keil.com/pack/Keil.TM4C_DFP.1.1.0.pack
                Keil.TM4C_DFP.1.1.0
                Texas Instruments Tiva C Series Device Support and Examples
   * Component: Startup Version: 1.0.1

<h2>Collection of Component include folders:</h2>
  ./RTE/_tm4c123
  C:/Users/JuanD/AppData/Local/Arm/Packs/ARM/CMSIS/5.9.0/CMSIS/Core/Include
  C:/Users/JuanD/AppData/Local/Arm/Packs/Keil/TM4C_DFP/1.1.0/Device/Include/TM4C123

<h2>Collection of Component Files used:</h2>

   * Component: ARM::CMSIS:CORE:5.6.0

   * Component: Keil::Device:Startup:1.0.1
      Include file:  Device/Include/TM4C123/TM4C123.h
      Source file:   Device/Source/system_TM4C123.c
      Source file:   Device/Source/ARM/startup_TM4C123.s
Build Time Elapsed:  00:00:00
</pre>
</body>
</html>
