******************************************************************************
                  TI ARM Linker PC v20.2.6                     
******************************************************************************
>> Linked Tue Oct 25 16:24:33 2022

OUTPUT FILE NAME:   <HelloWorld.out>
ENTRY POINT SYMBOL: "_c_int00_noargs"  address: 000008b9


MEMORY CONFIGURATION

         name            origin    length      used     unused   attr    fill
----------------------  --------  ---------  --------  --------  ----  --------
  FLASH                 00000000   00020000  00000ac6  0001f53a  R  X
  SRAM                  20000000   00008000  00000201  00007dff  RW X


SEGMENT ALLOCATION MAP

run origin  load origin   length   init length attrs members
----------  ----------- ---------- ----------- ----- -------
00000000    00000000    00000ac8   00000ac8    r-x
  00000000    00000000    0000026c   0000026c    r-- .intvecs
  0000026c    0000026c    00000746   00000746    r-x .text
  000009b4    000009b4    000000fc   000000fc    r-- .const
  00000ab0    00000ab0    00000018   00000018    r-- .cinit
20000000    20000000    00000201   00000000    rw-
  20000000    20000000    00000200   00000000    rw- .stack
  20000200    20000200    00000001   00000000    rw- .data


SECTION ALLOCATION MAP

 output                                  attributes/
section   page    origin      length       input sections
--------  ----  ----------  ----------   ----------------
.intvecs   0    00000000    0000026c     
                  00000000    0000026c     tm4c123ge6pm_startup_ccs.obj (.intvecs)

.text      0    0000026c    00000746     
                  0000026c    00000132     driverlib.lib : gpio.obj (.text:GPIOPadConfigSet)
                  0000039e    00000002     --HOLE-- [fill = 0]
                  000003a0    00000110                   : sysctl.obj (.text:SysCtlClockGet)
                  000004b0    00000108     main.obj (.text)
                  000005b8    000000f4     driverlib.lib : sysctl.obj (.text:SysCtlClockSet)
                  000006ac    0000009c     rtsv7M4_T_le_v4SPD16_eabi.lib : memcpy_t2.asm.obj (.text)
                  00000748    00000068                                   : copy_decompress_lzss.c.obj (.text:decompress:lzss:__TI_decompress_lzss)
                  000007b0    00000048     driverlib.lib : gpio.obj (.text:GPIOPinConfigure)
                  000007f8    00000046                   : uart.obj (.text:UARTConfigSetExpClk)
                  0000083e    00000002     --HOLE-- [fill = 0]
                  00000840    00000044     rtsv7M4_T_le_v4SPD16_eabi.lib : autoinit.c.obj (.text:__TI_auto_init_nobinit_nopinit:__TI_auto_init_nobinit_nopinit)
                  00000884    00000034     driverlib.lib : sysctl.obj (.text:SysCtlPeripheralEnable)
                  000008b8    00000034     rtsv7M4_T_le_v4SPD16_eabi.lib : boot_cortex_m.c.obj (.text:_c_int00_noargs:_c_int00_noargs)
                  000008ec    0000002a     driverlib.lib : gpio.obj (.text:GPIODirModeSet)
                  00000916    00000002     --HOLE-- [fill = 0]
                  00000918    00000020                   : uart.obj (.text:UARTDisable)
                  00000938    00000018                   : gpio.obj (.text:GPIOPinTypeGPIOOutput)
                  00000950    00000014                   : uart.obj (.text:UARTEnable)
                  00000964    00000012                   : gpio.obj (.text:GPIOPinTypeUART)
                  00000976    0000000e                   : uart.obj (.text:UARTCharPutNonBlocking)
                  00000984    0000000e     rtsv7M4_T_le_v4SPD16_eabi.lib : copy_decompress_none.c.obj (.text:decompress:none:__TI_decompress_none)
                  00000992    0000000c     tm4c123ge6pm_startup_ccs.obj (.text)
                  0000099e    00000006     driverlib.lib : gpio.obj (.text:GPIOPinWrite)
                  000009a4    00000006                   : sysctl.obj (.text:SysCtlDelay)
                  000009aa    00000004     rtsv7M4_T_le_v4SPD16_eabi.lib : pre_init.c.obj (.text:_system_pre_init)
                  000009ae    00000004                                   : exit.c.obj (.text:abort:abort)

.const     0    000009b4    000000fc     
                  000009b4    00000090     driverlib.lib : gpio.obj (.const:g_pui32GPIOBaseAddrs)
                  00000a44    0000006c                   : sysctl.obj (.const:g_pui32Xtals)

.cinit     0    00000ab0    00000018     
                  00000ab0    00000008     (__TI_handler_table)
                  00000ab8    00000005     (.cinit..data.load) [load image, compression = lzss]
                  00000abd    00000003     --HOLE-- [fill = 0]
                  00000ac0    00000008     (__TI_cinit_table)

.init_array 
*          0    00000000    00000000     UNINITIALIZED

.data      0    20000200    00000001     UNINITIALIZED
                  20000200    00000001     main.obj (.data)

.stack     0    20000000    00000200     UNINITIALIZED
                  20000000    00000004     rtsv7M4_T_le_v4SPD16_eabi.lib : boot_cortex_m.c.obj (.stack)
                  20000004    000001fc     --HOLE--

__llvm_prf_cnts 
*          0    20000000    00000000     UNINITIALIZED

MODULE SUMMARY

       Module                         code   ro data   rw data
       ------                         ----   -------   -------
    .\
       tm4c123ge6pm_startup_ccs.obj   12     620       0      
       main.obj                       264    0         1      
    +--+------------------------------+------+---------+---------+
       Total:                         276    620       1      
                                                              
    C:/ti/tivaware_c_series_2_1_4_178/driverlib/ccs/Debug/driverlib.lib
       sysctl.obj                     574    108       0      
       gpio.obj                       468    144       0      
       uart.obj                       136    0         0      
    +--+------------------------------+------+---------+---------+
       Total:                         1178   252       0      
                                                              
    C:\ti\ccs1200\ccs\tools\compiler\ti-cgt-arm_20.2.6.LTS\lib\rtsv7M4_T_le_v4SPD16_eabi.lib
       memcpy_t2.asm.obj              156    0         0      
       copy_decompress_lzss.c.obj     104    0         0      
       autoinit.c.obj                 68     0         0      
       boot_cortex_m.c.obj            52     0         0      
       copy_decompress_none.c.obj     14     0         0      
       exit.c.obj                     4      0         0      
       pre_init.c.obj                 4      0         0      
    +--+------------------------------+------+---------+---------+
       Total:                         402    0         0      
                                                              
       Stack:                         0      0         512    
       Linker Generated:              0      21        0      
    +--+------------------------------+------+---------+---------+
       Grand Total:                   1856   893       513    


LINKER GENERATED COPY TABLES

__TI_cinit_table @ 00000ac0 records: 1, size/record: 8, table size: 8
	.data: load addr=00000ab8, load size=00000005 bytes, run addr=20000200, run size=00000001 bytes, compression=lzss


LINKER GENERATED HANDLER TABLE

__TI_handler_table @ 00000ab0 records: 2, size/record: 4, table size: 8
	index: 0, handler: __TI_decompress_lzss
	index: 1, handler: __TI_decompress_none


GLOBAL SYMBOLS: SORTED ALPHABETICALLY BY Name 

address   name                          
-------   ----                          
000009af  C$$EXIT                       
000008ed  GPIODirModeSet                
0000026d  GPIOPadConfigSet              
000007b1  GPIOPinConfigure              
00000939  GPIOPinTypeGPIOOutput         
00000965  GPIOPinTypeUART               
0000099f  GPIOPinWrite                  
00000993  ResetISR                      
000003a1  SysCtlClockGet                
000005b9  SysCtlClockSet                
000009a5  SysCtlDelay                   
00000885  SysCtlPeripheralEnable        
00000977  UARTCharPutNonBlocking        
000007f9  UARTConfigSetExpClk           
00000919  UARTDisable                   
00000951  UARTEnable                    
000004b1  _Z17UART0_Send_StringPKc      
20000200  __STACK_END                   
00000200  __STACK_SIZE                  
20000200  __STACK_TOP                   
00000ac0  __TI_CINIT_Base               
00000ac8  __TI_CINIT_Limit              
00000ab0  __TI_Handler_Table_Base       
00000ab8  __TI_Handler_Table_Limit      
00000841  __TI_auto_init_nobinit_nopinit
00000749  __TI_decompress_lzss          
00000985  __TI_decompress_none          
ffffffff  __TI_pprof_out_hndl           
ffffffff  __TI_prof_data_size           
ffffffff  __TI_prof_data_start          
00000000  __TI_static_base__            
000006ad  __aeabi_memcpy                
000006ad  __aeabi_memcpy4               
000006ad  __aeabi_memcpy8               
ffffffff  __binit__                     
ffffffff  __c_args__                    
UNDEFED   __mpu_init                    
20000000  __stack                       
20000000  __start___llvm_prf_cnts       
20000000  __stop___llvm_prf_cnts        
000008b9  _c_int00_noargs               
UNDEFED   _system_post_cinit            
000009ab  _system_pre_init              
000009af  abort                         
ffffffff  binit                         
00000000  g_pfnVectors                  
000004cf  main                          
000006ad  memcpy                        
20000200  ui8PinData                    


GLOBAL SYMBOLS: SORTED BY Symbol Address 

address   name                          
-------   ----                          
00000000  __TI_static_base__            
00000000  g_pfnVectors                  
00000200  __STACK_SIZE                  
0000026d  GPIOPadConfigSet              
000003a1  SysCtlClockGet                
000004b1  _Z17UART0_Send_StringPKc      
000004cf  main                          
000005b9  SysCtlClockSet                
000006ad  __aeabi_memcpy                
000006ad  __aeabi_memcpy4               
000006ad  __aeabi_memcpy8               
000006ad  memcpy                        
00000749  __TI_decompress_lzss          
000007b1  GPIOPinConfigure              
000007f9  UARTConfigSetExpClk           
00000841  __TI_auto_init_nobinit_nopinit
00000885  SysCtlPeripheralEnable        
000008b9  _c_int00_noargs               
000008ed  GPIODirModeSet                
00000919  UARTDisable                   
00000939  GPIOPinTypeGPIOOutput         
00000951  UARTEnable                    
00000965  GPIOPinTypeUART               
00000977  UARTCharPutNonBlocking        
00000985  __TI_decompress_none          
00000993  ResetISR                      
0000099f  GPIOPinWrite                  
000009a5  SysCtlDelay                   
000009ab  _system_pre_init              
000009af  C$$EXIT                       
000009af  abort                         
00000ab0  __TI_Handler_Table_Base       
00000ab8  __TI_Handler_Table_Limit      
00000ac0  __TI_CINIT_Base               
00000ac8  __TI_CINIT_Limit              
20000000  __stack                       
20000000  __start___llvm_prf_cnts       
20000000  __stop___llvm_prf_cnts        
20000200  __STACK_END                   
20000200  __STACK_TOP                   
20000200  ui8PinData                    
ffffffff  __TI_pprof_out_hndl           
ffffffff  __TI_prof_data_size           
ffffffff  __TI_prof_data_start          
ffffffff  __binit__                     
ffffffff  __c_args__                    
ffffffff  binit                         
UNDEFED   __mpu_init                    
UNDEFED   _system_post_cinit            

[49 symbols]
