<html>
<body>
<pre>
<h1>µVision Build Log</h1>
<h2>Tool Versions:</h2>
IDE-Version: µVision V5.37.0.0
Copyright (C) 2022 ARM Ltd and ARM Germany GmbH. All rights reserved.
License Information: Juan David Barrero, GSS, LIC=----
 
Tool Versions:
Toolchain:       MDK-Lite  Version: 5.37.0.0
Toolchain Path:  C:\Keil_v5\ARM\ARMCLANG\Bin
C Compiler:      ArmClang.exe V6.18
Assembler:       Armasm.exe V6.18
Linker/Locator:  ArmLink.exe V6.18
Library Manager: ArmAr.exe V6.18
Hex Converter:   FromElf.exe V6.18
CPU DLL:         SARMCM3.DLL V5.37.0.0
Dialog DLL:      DCM.DLL V1.17.5.0
Target DLL:      lmidk-agdi.dll V???
Dialog DLL:      TCM.DLL V1.56.1.0
 
<h2>Project:</h2>
C:\Users\JuanD\OneDrive\Escritorio\JuanDavid\Keil\GpioInterrupt\GpioInterrupt.uvprojx
Project File Date:  12/12/2022

<h2>Output:</h2>
*** Using Compiler 'V6.18', folder: 'C:\Keil_v5\ARM\ARMCLANG\Bin'
Build target 'tm4c123'
main.c(1): warning: // comments are not allowed in this language [-Wcomment]
#include "TM4C123.h"                    // Device header
                                        ^
main.c(1): warning: In file included from...
C:/Users/JuanD/AppData/Local/Arm/Packs/Keil/TM4C_DFP/1.1.0/Device/Include/TM4C123\TM4C123.h(22): warning: In file included from...
C:/Users/JuanD/AppData/Local/Arm/Packs/Keil/TM4C_DFP/1.1.0/Device/Include/TM4C123/TM4C1230H6PM.h(286): warning: anonymous unions are a C11 extension [-Wc11-extensions]
  union {
  ^
C:/Users/JuanD/AppData/Local/Arm/Packs/Keil/TM4C_DFP/1.1.0/Device/Include/TM4C123/TM4C1230H6PM.h(326): warning: anonymous unions are a C11 extension [-Wc11-extensions]
  union {
  ^
C:/Users/JuanD/AppData/Local/Arm/Packs/Keil/TM4C_DFP/1.1.0/Device/Include/TM4C123/TM4C1230H6PM.h(345): warning: anonymous unions are a C11 extension [-Wc11-extensions]
  union {
  ^
C:/Users/JuanD/AppData/Local/Arm/Packs/Keil/TM4C_DFP/1.1.0/Device/Include/TM4C123/TM4C1230H6PM.h(572): warning: anonymous unions are a C11 extension [-Wc11-extensions]
  union {
  ^
C:/Users/JuanD/AppData/Local/Arm/Packs/Keil/TM4C_DFP/1.1.0/Device/Include/TM4C123/TM4C1230H6PM.h(588): warning: anonymous unions are a C11 extension [-Wc11-extensions]
  union {
  ^
C:/Users/JuanD/AppData/Local/Arm/Packs/Keil/TM4C_DFP/1.1.0/Device/Include/TM4C123/TM4C1230H6PM.h(694): warning: anonymous unions are a C11 extension [-Wc11-extensions]
  union {
  ^
main.c(21): warning: implicit conversion changes signedness: 'int' to 'unsigned int' [-Wsign-conversion]
    GPIOF->DIR &= ~(BTN0)|~(BTN1);  
               ~~ ~~~~~~~^~~~~~~~
main.c(32): warning: implicit conversion changes signedness: 'int' to 'unsigned int' [-Wsign-conversion]
    GPIOF->IS  &= ~(BTN0)|~(BTN1);        /* make bit 4, 0 edge sensitive */
               ~~ ~~~~~~~^~~~~~~~
main.c(33): warning: implicit conversion changes signedness: 'int' to 'unsigned int' [-Wsign-conversion]
    GPIOF->IBE &= ~(BTN0)|~(BTN1);        /* trigger is controlled by IEV */
               ~~ ~~~~~~~^~~~~~~~
main.c(34): warning: implicit conversion changes signedness: 'int' to 'unsigned int' [-Wsign-conversion]
    GPIOF->IEV &= ~(BTN0)|~(BTN1);        /* falling edge trigger */
               ~~ ~~~~~~~^~~~~~~~
main.c(35): warning: implicit conversion changes signedness: 'int' to 'unsigned int' [-Wsign-conversion]
    GPIOF->ICR |= ~(BTN0)|~(BTN1);        /* clear any prior interrupt */
               ~~ ~~~~~~~^~~~~~~~
main.c(36): warning: implicit conversion changes signedness: 'int' to 'unsigned int' [-Wsign-conversion]
    GPIOF->IM  |= ~(BTN0)|~(BTN1);        /* unmask interrupt */
               ~~ ~~~~~~~^~~~~~~~
main.c(47): warning: implicit conversion changes signedness: 'int' to 'unsigned int' [-Wsign-conversion]
                        GPIOF->DATA &= ~(REDLED);
                                    ~~ ^~~~~~~~~
main.c(71): warning: implicit conversion changes signedness: 'int' to 'unsigned int' [-Wsign-conversion]
     GPIOF->DATA &= ~(GRENLED);
                 ~~ ^~~~~~~~~~
main.c(77): warning: implicit conversion changes signedness: 'volatile uint32_t' (aka 'volatile unsigned int') to 'int' [-Wsign-conversion]
                readback = GPIOF->ICR;                          /* Come back to whiel thread*/
                         ~ ~~~~~~~^~~
main.c(80): warning: no newline at end of file [-Wnewline-eof]
}
 ^
main.c(62): warning: variable 'readback' set but not used [-Wunused-but-set-variable]
        volatile int readback;
                     ^
main.c(60): warning: no previous prototype for function 'GPIOF_Handler' [-Wmissing-prototypes]
void GPIOF_Handler(void)
     ^
main.c(60): note: declare 'static' if the function is not intended to be used outside of this translation unit
void GPIOF_Handler(void)
^
static 
19 warnings generated.
compiling main.c...
linking...
Program Size: Code=1248 RO-data=636 RW-data=0 ZI-data=608  
".\Objects\GpioInterrupt.axf" - 0 Error(s), 19 Warning(s).

<h2>Software Packages used:</h2>

Package Vendor: ARM
                http://www.keil.com/pack/ARM.CMSIS.5.9.0.pack
                ARM.CMSIS.5.9.0
                CMSIS (Common Microcontroller Software Interface Standard)
   * Component: CORE Version: 5.6.0

Package Vendor: Keil
                http://www.keil.com/pack/Keil.TM4C_DFP.1.1.0.pack
                Keil.TM4C_DFP.1.1.0
                Texas Instruments Tiva C Series Device Support and Examples
   * Component: Startup Version: 1.0.1

<h2>Collection of Component include folders:</h2>
  ./RTE/_tm4c123
  C:/Users/JuanD/AppData/Local/Arm/Packs/ARM/CMSIS/5.9.0/CMSIS/Core/Include
  C:/Users/JuanD/AppData/Local/Arm/Packs/Keil/TM4C_DFP/1.1.0/Device/Include/TM4C123

<h2>Collection of Component Files used:</h2>

   * Component: ARM::CMSIS:CORE:5.6.0

   * Component: Keil::Device:Startup:1.0.1
      Source file:   Device/Source/ARM/startup_TM4C123.s
      Source file:   Device/Source/system_TM4C123.c
      Include file:  Device/Include/TM4C123/TM4C123.h
Build Time Elapsed:  00:00:01
</pre>
</body>
</html>
